A51 MACRO ASSEMBLER  RECEIVER                                                             04/24/2024 21:33:48 PAGE     1


MACRO ASSEMBLER A51 V8.2.5.0
OBJECT MODULE PLACED IN .\Objects\RECEIVER.obj
ASSEMBLER INVOKED BY: C:\Keil_v5\C51\BIN\A51.EXE RECEIVER.a51 SET(SMALL) DEBUG PRINT(.\Listings\RECEIVER.lst) OBJECT(.\O
                      bjects\RECEIVER.obj) EP

LOC  OBJ            LINE     SOURCE

0000                   1     org 000h

0000 758920            2             mov tmod,#20h

                       3             

0003 758DFD            4             mov th1,#-3

0006 759850            5             mov scon,#50h

0009 D28E              6             setb tr1

000B C298              7             clr ri

000D 3098FD            8             here:jnb ri,here

0010 E599              9             mov a,sbuf

0012 F9               10             mov r1,a

                      11             

0013 1117             12             acall sev

0015 80F6             13             sjmp here

                      14             

                      15             

0017 00               16             sev:nop

0018 E9               17             mov a,r1

0019 6474             18             xrl a,#74h

001B 7005             19             jnz aa

001D 7590E0           20             mov p1,#0e0h

0020 8003             21             sjmp en

                      22             

0022 7590C0           23             aa: mov p1,#0c0h

0025 00               24             en:nop

0026 22               25             ret

*** WARNING #A41 IN 25 (RECEIVER.a51, LINE 25): MISSING 'END' STATEMENT
A51 MACRO ASSEMBLER  RECEIVER                                                             04/24/2024 21:33:48 PAGE     2

SYMBOL TABLE LISTING
------ ----- -------


N A M E             T Y P E  V A L U E   ATTRIBUTES

AA . . . . . . . .  C ADDR   0022H   A   
EN . . . . . . . .  C ADDR   0025H   A   
HERE . . . . . . .  C ADDR   000DH   A   
P1 . . . . . . . .  D ADDR   0090H   A   
RI . . . . . . . .  B ADDR   0098H.0 A   
SBUF . . . . . . .  D ADDR   0099H   A   
SCON . . . . . . .  D ADDR   0098H   A   
SEV. . . . . . . .  C ADDR   0017H   A   
TH1. . . . . . . .  D ADDR   008DH   A   
TMOD . . . . . . .  D ADDR   0089H   A   
TR1. . . . . . . .  B ADDR   0088H.6 A   


REGISTER BANK(S) USED: 0 


ASSEMBLY COMPLETE.  1 WARNING(S), 0 ERROR(S)
